// Jest Snapshot v1, https://goo.gl/fbAQLP

exports[`pruebas en el comoponente <Navbar /> debe de mostrarse correctamente 1`] = `
<nav
  className="navbar navbar-expand-lg navbar-dark bg-dark"
>
  <div
    className="container-fluid"
  >
    <div
      className="nav-item "
    >
      <a
        className="navbar-brand nav-link"
        onClick={[Function]}
        style={
          Object {
            "marginLeft": 15,
          }
        }
      >
        Asociaciones
      </a>
    </div>
    <button
      aria-controls="navbarSupportedContent"
      aria-expanded="false"
      aria-label="Toggle navigation"
      className="navbar-toggler"
      data-bs-target="#navbarSupportedContent"
      data-bs-toggle="collapse"
      type="button"
    >
      <span
        className="navbar-toggler-icon"
      />
    </button>
    <div
      className="collapse navbar-collapse"
      id="navbarSupportedContent"
    >
      <ul
        className="navbar-nav me-auto mb-1 mb-lg-0"
      >
        <div
          className="nav-item "
        >
          <a
            aria-current={null}
            className="nav-link"
            onClick={[Function]}
          >
            Marvel
          </a>
        </div>
        <div
          className="nav-item "
        >
          <a
            aria-current={null}
            className="nav-link"
            onClick={[Function]}
          >
            DC
          </a>
        </div>
        <div
          className="nav-item"
        >
          <a
            aria-current={null}
            className="nav-link"
            onClick={[Function]}
          >
            Search
          </a>
        </div>
      </ul>
      <div
        className="nav-item dropdown "
      >
        <a
          aria-expanded="false"
          className="navbar-brand nav-link dropdown-toggle"
          data-bs-toggle="dropdown"
          id="navbarDarkDropdownMenuLink"
          role="button"
        >
          <lord-icon
            colors="primary:#e4e4e4,secondary:#e4e4e4"
            src="https://cdn.lordicon.com/dxjqoygy.json"
            stroke="60"
            style={
              Object {
                "height": 38,
                "width": 38,
              }
            }
            trigger="hover"
          />
           
        </a>
        <ul
          aria-labelledby="navbarDarkDropdownMenuLink"
          className="dropdown-menu dropdown-menu-dark"
        >
          <span
            className="ms-3 textInfo"
            style={
              Object {
                "color": "#5cb85c",
              }
            }
          >
             
            Valentina
             
          </span>
          <button
            className="dropdown-item"
            onClick={[Function]}
          >
            Logout
          </button>
        </ul>
      </div>
    </div>
  </div>
</nav>
`;
